
delete from `TheTablePrefixTimeoutData`
where SagaId = @SagaId