
delete from "THETABLEPREFIXTO"
where SagaId = :SagaId