
select "Id", "Time"
from TheTablePrefixTimeoutData
where "Time" > @StartTime and "Time" <= @EndTime