
delete from TheTablePrefixTimeoutData
where "Id" = @Id;