{
  "BuildDialects": [
    "MsSqlServer"
  ],
  "ScriptPromotionPath": null,
  "ProduceOutboxScripts": true,
  "ProduceSubscriptionScripts": true,
  "ProduceTimeoutScripts": true,
  "ProduceSagaScripts": true
}