
insert into public."TheTablePrefixSubscriptionData"
(
    "Id",
    "Subscriber",
    "MessageType",
    "Endpoint",
    "PersistenceVersion"
)
values
(
    concat(@Subscriber, @MessageType),
    @Subscriber,
    @MessageType,
    @Endpoint,
    @PersistenceVersion
)
on conflict ("Id") do update
    set "Endpoint" = @Endpoint,
        "PersistenceVersion" = @PersistenceVersion
