
insert into `TheTablePrefixSubscriptionData`
(
    Subscriber,
    MessageType,
    Endpoint,
    PersistenceVersion
)
values
(
    @Subscriber,
    @MessageType,
    @Endpoint,
    @PersistenceVersion
)
on duplicate key update
    Endpoint = @Endpoint,
    PersistenceVersion = @PersistenceVersion
