{
  "TableSuffix": "ConcatMsgPropertiesWithInterpolationSaga",
  "CorrelationProperty": {
    "Type": "String",
    "Name": "Correlation"
  },
  "TransitionalCorrelationProperty": null,
  "Name": "CoreSagaMetadataTests/ConcatMsgPropertiesWithInterpolationSaga"
}