
select
    Id,
    SagaTypeVersion,
    Concurrency,
    Metadata,
    Data
from TheTableName
where Id = :Id
for update
