{
  "TableSuffix": "ConcatMsgPropertiesWithFormatSaga",
  "CorrelationProperty": {
    "Type": "String",
    "Name": "Correlation"
  },
  "TransitionalCorrelationProperty": null,
  "Name": "CoreSagaMetadataTests/ConcatMsgPropertiesWithFormatSaga"
}