{
  "TableSuffix": "ConcatMsgPropertiesSaga",
  "CorrelationProperty": {
    "Type": "String",
    "Name": "Correlation"
  },
  "TransitionalCorrelationProperty": null,
  "Name": "CoreSagaMetadataTests/ConcatMsgPropertiesSaga"
}