{
  "TableSuffix": "DualMappingSaga",
  "CorrelationProperty": {
    "Type": "String",
    "Name": "Correlation"
  },
  "TransitionalCorrelationProperty": null,
  "Name": "CoreSagaMetadataTests/DualMappingSaga"
}