
select
    "Dispatched",
    "Operations"
from public."TheTablePrefixOutboxData"
where "MessageId" = @MessageId