
update "THETABLEPREFIXOD"
set
    Dispatched = 1,
    DispatchedAt = :DispatchedAt,
    Operations = '[]'
where MessageId = :MessageId