
delete from TheTablePrefixOutboxData
where ctid in
(
    select ctid
    from TheTablePrefixOutboxData
    where
        "Dispatched" = true and
        "DispatchedAt" < @DispatchedBefore
    limit @BatchSize
)