
update TheTablePrefixOutboxData
set
    "Dispatched" = true,
    "DispatchedAt" = @DispatchedAt at time zone 'UTC',
    "Operations" = '[]'
where "MessageId" = @MessageId