{
  "HasUnmanagedCalls": false,
  "HasUnexpectedCalls": false,
  "HasBranchingLogic": false,
  "SagaDefinition": {
    "TableSuffix": "ReverseHeaderMappingSaga",
    "CorrelationProperty": {
      "Type": "String",
      "Name": "SagaCorrelation"
    },
    "TransitionalCorrelationProperty": null,
    "Name": "CoreSagaMetadataTests/ReverseHeaderMappingSaga"
  },
  "Exception": null
}