The type 'SagaDefinitionReaderTest/WithReadonlyPropertySaga/SagaData' has a constraint property 'Correlation' that is read-only.