{
  "TableSuffix": "TheTableSuffix",
  "CorrelationProperty": {
    "Type": "String",
    "Name": "Correlation"
  },
  "TransitionalCorrelationProperty": null,
  "Name": "SagaDefinitionReaderTest/TableSuffixSaga"
}