The type 'SagaDefinitionReaderTest/WithGenericSaga`1' has generic parameters.