{
  "BuildDialects": [
    "MsSqlServer",
    "MySql",
    "PostgreSql",
    "Oracle"
  ],
  "ScriptPromotionPath": null,
  "ProduceOutboxScripts": true,
  "ProduceSubscriptionScripts": true,
  "ProduceTimeoutScripts": true,
  "ProduceSagaScripts": true
}