{
  "SimpleProperty": "property value",
  "Id": "theSagaId",
  "Originator": "the originator",
  "OriginalMessageId": "original message id"
}