
insert into "THETABLEPREFIXOD"
(
    MessageId,
    Operations,
    PersistenceVersion
)
values
(
    :MessageId,
    :Operations,
    :PersistenceVersion
)