
delete from "THETABLEPREFIXOD"
where Dispatched = 1 and
      DispatchedAt < :DispatchedBefore and
      rownum <= :BatchSize