
select
    Dispatched,
    Operations
from [TheSchema].[TheTablePrefixOutboxData]
where MessageId = @MessageId