{
  "CorrelationProperty": "theCorrelationProperty",
  "SimpleProperty": "PropertyValue",
  "Id": "theSagaId",
  "Originator": "theOriginator",
  "OriginalMessageId": "theOriginalMessageId"
}