
select
    Id,
    SagaTypeVersion,
    Concurrency,
    Metadata,
    Data
from TheTableName
with (updlock)
where Correlation_ThePropertyName = @propertyValue
