
begin
    insert into "THETABLEPREFIXSS"
    (
        MessageType,
        Subscriber,
        Endpoint,
        PersistenceVersion
    )
    values
    (
        :MessageType,
        :Subscriber,
        :Endpoint,
        :PersistenceVersion
    );
    commit;
exception
    when DUP_VAL_ON_INDEX then
    if :Endpoint is not null then
        update "THETABLEPREFIXSS" set
            Endpoint = :Endpoint,
            PersistenceVersion = :PersistenceVersion
        where 
            MessageType = :MessageType
            and Subscriber = :Subscriber;
    else
        ROLLBACK;
    end if;
end;
