[
  {
    "TransportAddress": "e@machine1",
    "Endpoint": "endpoint"
  }
]