[
  {
    "TransportAddress": "e@machine1",
    "Endpoint": "e2"
  }
]