{
  "Id": "theId",
  "Destination": "theDestination",
  "SagaId": "00000000-0000-0000-0000-000000000000",
  "State": "AQ==",
  "Time": "2000-01-01T01:01:02+00:00",
  "OwningTimeoutManager": null,
  "Headers": {}
}