
insert into "THETABLEPREFIXTO"
(
    Id,
    Destination,
    SagaId,
    State,
    ExpireTime,
    Headers,
    PersistenceVersion
)
values
(
    :Id,
    :Destination,
    :SagaId,
    :State,
    :Time,
    :Headers,
    :PersistenceVersion
)