
select "Time" from "public"."TheTablePrefixTimeoutData"
where "Time" > @EndTime
order by "Time"
limit 1