{
  "TableSuffix": "SingleMappingSaga",
  "CorrelationProperty": {
    "Type": "String",
    "Name": "Correlation"
  },
  "TransitionalCorrelationProperty": null,
  "Name": "InferCorrelationIdTests/SingleMappingSaga"
}