The type 'SagaDefinitionReaderTest/AbstractSaga' has a [SqlSagaAttribute] but has is abstract.