
/* TableNameVariable */

/* Initialize */

/* CreateTable */

create or replace function pg_temp.create_saga_table_theSaga(tablePrefix varchar, schema varchar)
    returns integer as
    $body$
    declare
        tableNameNonQuoted varchar;
        script text;
        count int;
        columnType varchar;
        columnToDelete text;
    begin
        tableNameNonQuoted := tablePrefix || 'theSaga';
        script = 'create table if not exists "' || schema || '"."' || tableNameNonQuoted || '"
(
    "Id" uuid not null,
    "Metadata" text not null,
    "Data" jsonb not null,
    "PersistenceVersion" character varying(23),
    "SagaTypeVersion" character varying(23),
    "Concurrency" int not null,
    primary key("Id")
);';
        execute script;

/* AddProperty CorrelationProperty */

        script = 'alter table "' || schema || '"."' || tableNameNonQuoted || '" add column if not exists "Correlation_CorrelationProperty" character varying(200)';
        execute script;

/* VerifyColumnType String */

        columnType := (
            select data_type || ' ' || coalesce(' (' || character_maximum_length || ')', '')
            from information_schema.columns
            where
            table_schema = schema and
            table_name = tableNameNonQuoted and
            column_name = 'Correlation_CorrelationProperty'
        );
        if columnType <> 'character varying  (200)' then
            raise exception 'Incorrect data type for Correlation_CorrelationProperty. Expected character varying  (200) got %', columnType;
        end if;

/* WriteCreateIndex CorrelationProperty */

        script = 'create unique index if not exists "' || tablePrefix || '_i_D89EC3A0705013CCFF7590FD75D03B38CD0022C9" on "' || schema || '"."' || tableNameNonQuoted || '" using btree ("Correlation_CorrelationProperty" asc);';
        execute script;
/* AddProperty TransitionalProperty */

        script = 'alter table "' || schema || '"."' || tableNameNonQuoted || '" add column if not exists "Correlation_TransitionalProperty" character varying(200)';
        execute script;

/* VerifyColumnType String */

        columnType := (
            select data_type || ' ' || coalesce(' (' || character_maximum_length || ')', '')
            from information_schema.columns
            where
            table_schema = schema and
            table_name = tableNameNonQuoted and
            column_name = 'Correlation_TransitionalProperty'
        );
        if columnType <> 'character varying  (200)' then
            raise exception 'Incorrect data type for Correlation_TransitionalProperty. Expected character varying  (200) got %', columnType;
        end if;

/* CreateIndex TransitionalProperty */

        script = 'create unique index if not exists "' || tablePrefix || '_i_82E8370D56AD901D3A59D375E6383421705BAC7F" on "' || schema || '"."' || tableNameNonQuoted || '" using btree ("Correlation_TransitionalProperty" asc);';
        execute script;
/* PurgeObsoleteIndex */

/* PurgeObsoleteProperties */

for columnToDelete in
(
    select column_name
    from information_schema.columns
    where
        table_name = tableNameNonQuoted and
        column_name LIKE 'Correlation_%' and
        column_name <> 'Correlation_CorrelationProperty' and
        column_name <> 'Correlation_TransitionalProperty'
)
loop
	script = '
alter table "' || schema || '"."' || tableNameNonQuoted || '"
drop column "' || columnToDelete || '"';
    execute script;
end loop;

/* CompleteSagaScript */

        return 0;
    end;
    $body$
language 'plpgsql';

select pg_temp.create_saga_table_theSaga(@tablePrefix, @schema);
