{
  "TableSuffix": "SimpleSqlSaga",
  "CorrelationProperty": {
    "Type": "String",
    "Name": "Correlation"
  },
  "TransitionalCorrelationProperty": {
    "Type": "String",
    "Name": "Transitional"
  },
  "Name": "SagaDefinitionReaderTest/SimpleSqlSaga",
  "IsAlwaysStartNew": false
}