
/* TableNameVariable */

/* Initialize */

declare
  sqlStatement varchar2(500);
  dataType varchar2(30);
  n number(10);
  currentSchema varchar2(500);
begin
  select sys_context('USERENV','CURRENT_SCHEMA') into currentSchema from dual;


/* CreateTable */

  select count(*) into n from user_tables where table_name = 'THESAGA';
  if(n = 0)
  then

    sqlStatement :=
       'create table "THESAGA"
       (
          id varchar2(38) not null,
          metadata clob not null,
          data clob not null,
          persistenceversion varchar2(23) not null,
          sagatypeversion varchar2(23) not null,
          concurrency number(9) not null,
          constraint "THESAGA_PK" primary key
          (
            id
          )
          enable
        )';

    execute immediate sqlStatement;

  end if;

/* AddProperty CorrelationProperty */

select count(*) into n from all_tab_columns where table_name = 'THESAGA' and column_name = 'CORR_CORRELATIONPROPERTY' and owner = currentSchema;
if(n = 0)
then
  sqlStatement := 'alter table "THESAGA" add ( CORR_CORRELATIONPROPERTY NVARCHAR2(200) )';

  execute immediate sqlStatement;
end if;

/* VerifyColumnType String */

select data_type ||
  case when char_length > 0 then
    '(' || char_length || ')'
  else
    case when data_precision is not null then
      '(' || data_precision ||
        case when data_scale is not null and data_scale > 0 then
          ',' || data_scale
        end || ')'
    end
  end into dataType
from all_tab_columns
where table_name = 'THESAGA' and column_name = 'CORR_CORRELATIONPROPERTY' and owner = currentSchema;

if(dataType <> 'NVARCHAR2(200)')
then
  raise_application_error(-20000, 'Incorrect data type for Correlation_CORR_CORRELATIONPROPERTY.  Expected "NVARCHAR2(200)" got "' || dataType || '".');
end if;

/* WriteCreateIndex CorrelationProperty */

select count(*) into n from user_indexes where table_name = 'THESAGA' and index_name = 'SAGAIDX_E78AFF37B286FF56612DF6';
if(n = 0)
then
  sqlStatement := 'create unique index "SAGAIDX_E78AFF37B286FF56612DF6" on "THESAGA" (CORR_CORRELATIONPROPERTY ASC)';

  execute immediate sqlStatement;
end if;

/* AddProperty TransitionalProperty */

select count(*) into n from all_tab_columns where table_name = 'THESAGA' and column_name = 'CORR_TRANSITIONALPROPERTY' and owner = currentSchema;
if(n = 0)
then
  sqlStatement := 'alter table "THESAGA" add ( CORR_TRANSITIONALPROPERTY NVARCHAR2(200) )';

  execute immediate sqlStatement;
end if;

/* VerifyColumnType String */

select data_type ||
  case when char_length > 0 then
    '(' || char_length || ')'
  else
    case when data_precision is not null then
      '(' || data_precision ||
        case when data_scale is not null and data_scale > 0 then
          ',' || data_scale
        end || ')'
    end
  end into dataType
from all_tab_columns
where table_name = 'THESAGA' and column_name = 'CORR_TRANSITIONALPROPERTY' and owner = currentSchema;

if(dataType <> 'NVARCHAR2(200)')
then
  raise_application_error(-20000, 'Incorrect data type for Correlation_CORR_TRANSITIONALPROPERTY.  Expected "NVARCHAR2(200)" got "' || dataType || '".');
end if;

/* CreateIndex TransitionalProperty */

select count(*) into n from user_indexes where table_name = 'THESAGA' and index_name = 'SAGAIDX_E7CBAA5C3429959F4D7907';
if(n = 0)
then
  sqlStatement := 'create unique index "SAGAIDX_E7CBAA5C3429959F4D7907" on "THESAGA" (CORR_TRANSITIONALPROPERTY ASC)';

  execute immediate sqlStatement;
end if;

/* PurgeObsoleteIndex */

/* PurgeObsoleteProperties */

select count(*) into n
from all_tab_columns
where table_name = 'THESAGA' and column_name like 'CORR_%' and
        column_name <> 'CORR_CORRELATIONPROPERTY' and
        column_name <> 'CORR_TRANSITIONALPROPERTY' and owner = currentSchema;

if(n > 0)
then

  select 'alter table "THESAGA" drop column ' || column_name into sqlStatement
  from all_tab_columns
  where table_name = 'THESAGA' and column_name like 'CORR_%' and
        column_name <> 'CORR_CORRELATIONPROPERTY' and
        column_name <> 'CORR_TRANSITIONALPROPERTY' and owner = currentSchema;

  execute immediate sqlStatement;

end if;

/* CompleteSagaScript */
end;
