The type 'SagaDefinitionReaderTest/WithGenericSaga`1' has a [SqlSagaAttribute] but has generic parameters.