The type 'SagaDefinitionReaderTest/WithNoAttributeSqlSaga' inherits from NServiceBus.Persistence.Sql.SqlSaga but is missing a [SqlSagaAttribute].